[global.kawasaki.com/index.html]
[backblue.gif]
[fade.gif]
[index.html]
[global.kawasaki.com/stylesheet9c8a.css]
[global.kawasaki.com/stylesheeta9bc.css]
[global.kawasaki.com/stylesheetef73.css]
[global.kawasaki.com/common/css/slick_en_top.css]
[global.kawasaki.com/common/css/mainvisual.css]
[global.kawasaki.com/common/img/favicon/apple-touch-icon-57x57.png]
[global.kawasaki.com/common/img/favicon/apple-touch-icon-60x60.png]
[global.kawasaki.com/common/img/favicon/apple-touch-icon-72x72.png]
[global.kawasaki.com/common/img/favicon/apple-touch-icon-76x76.png]
[global.kawasaki.com/common/img/favicon/apple-touch-icon-114x114.png]
[nexus.ensighten.com/uw-kawasaki/dev/Bootstrap.js]
[global.kawasaki.com/common/img/favicon/apple-touch-icon-120x120.png]
[global.kawasaki.com/common/img/favicon/apple-touch-icon-144x144.png]
[global.kawasaki.com/common/img/favicon/apple-touch-icon-152x152.png]
[global.kawasaki.com/common/img/favicon/apple-touch-icon-180x180.png]
[global.kawasaki.com/common/img/favicon/favicon-32x32.png]
[global.kawasaki.com/common/img/favicon/favicon-194x194.png]
[global.kawasaki.com/common/img/favicon/favicon-96x96.png]
[global.kawasaki.com/common/img/favicon/android-chrome-192x192.png]
[global.kawasaki.com/common/img/favicon/favicon-16x16.png]
[global.kawasaki.com/common/img/favicon/manifest.json]
[global.kawasaki.com/common/js/ua.js]
[global.kawasaki.com/common/js/jquery.easing.1.3.js]
[global.kawasaki.com/common/js/jquery-1.11.0.min.js]
[global.kawasaki.com/common/js/clearField.js]
[global.kawasaki.com/common/js/common.js]
[global.kawasaki.com/common/js/slick.js]
[global.kawasaki.com/common/js/mainvisual.js]
[global.kawasaki.com/common/js/modal_viewer.js]
[global.kawasaki.com/common/js/jquery.tile.js]
[global.kawasaki.com/common/js/jquery.heightLine.js]
[global.kawasaki.com/common/js/ga_tr_code.js]
[global.kawasaki.com/common/css/top.css]
[global.kawasaki.com/common/js/visual_switching_v2.js]
[global.kawasaki.com/common/img/icon_arrow_07.png]
[global.kawasaki.com/common/img/icon_arrow_01_2.png]
[global.kawasaki.com/common/img/bg_triangle_02_left.png]
[global.kawasaki.com/common/img/bg_triangle_02_right.png]
[global.kawasaki.com/en/corp/newsroom/index.html]
[global.kawasaki.com/index3201.html]
[global.kawasaki.com/en/corp/profile/contact/index.html]
[global.kawasaki.com/index45a6.html]
[global.kawasaki.com/indexd2f3.html]
[global.kawasaki.com/indexb69a.html]
[global.kawasaki.com/en/index.html]
[global.kawasaki.com/indexa2b6.html]
[global.kawasaki.com/tw/index.html]
[global.kawasaki.com/index43a1.html]
[global.kawasaki.com/br/index.html]
[global.kawasaki.com/ru/index.html]
[global.kawasaki.com/common/img/identity.png]
[global.kawasaki.com/en/index-2.html]
[global.kawasaki.com/en/mobility/air/index.html]
[global.kawasaki.com/en/mobility/index.html]
[global.kawasaki.com/common/img/gnav_pct_005.jpg]
[global.kawasaki.com/en/mobility/rail/index.html]
[global.kawasaki.com/common/img/gnav_pct_006.jpg]
[global.kawasaki.com/en/mobility/marine/index.html]
[global.kawasaki.com/common/img/gnav_pct_007.jpg]
[global.kawasaki.com/en/energy/guide/index.html]
[global.kawasaki.com/en/energy/index.html]
[global.kawasaki.com/en/energy/solutions/distributed_power/index.html]
[global.kawasaki.com/common/img/gnav_pct_001.jpg]
[global.kawasaki.com/en/energy/solutions/battery_energy/index.html]
[global.kawasaki.com/en/energy/solutions/management/index.html]
[global.kawasaki.com/en/energy/solutions/energy_plants/index.html]
[global.kawasaki.com/common/img/gnav_pct_002.jpg]
[global.kawasaki.com/en/energy/solutions/renewable/index.html]
[global.kawasaki.com/en/stories/hydrogen/index.html]
[global.kawasaki.com/en/hydrogen/index.html]
[global.kawasaki.com/en/energy/equipment/gas_turbines/index.html]
[global.kawasaki.com/common/img/gnav_pct_003.jpg]
[global.kawasaki.com/en/energy/equipment/boilers/index.html]
[global.kawasaki.com/en/energy/equipment/steam_turbines/index.html]
[global.kawasaki.com/en/energy/equipment/mizutorbo/index.html]
[global.kawasaki.com/en/energy/equipment/gas_engines/index.html]
[global.kawasaki.com/common/img/gnav_pct_004.jpg]
[global.kawasaki.com/en/energy/equipment/oil_gas/index.html]
[global.kawasaki.com/en/energy/equipment/blast.html]
[global.kawasaki.com/en/energy/gasoline_engine/index.html]
[global.kawasaki.com/en/industrial_equipment/hydraulic/index.html]
[global.kawasaki.com/en/industrial_equipment/index.html]
[global.kawasaki.com/common/img/gnav_pct_008.jpg]
[global.kawasaki.com/en/industrial_equipment/industrial_plants/index.html]
[global.kawasaki.com/common/img/gnav_pct_009.jpg]
[global.kawasaki.com/en/industrial_equipment/defences_securities/index.html]
[global.kawasaki.com/en/industrial_equipment/environment_recycling/index.html]
[global.kawasaki.com/common/img/gnav_pct_010.jpg]
[global.kawasaki.com/en/industrial_equipment/factory/index.html]
[global.kawasaki.com/common/img/gnav_pct_011.jpg]
[global.kawasaki.com/en/industrial_equipment/construction/index.html]
[global.kawasaki.com/common/img/gnav_pct_012.jpg]
[global.kawasaki.com/en/industrial_equipment/logistics/index.html]
[global.kawasaki.com/common/img/gnav_pct_027.jpg]
[global.kawasaki.com/en/industrial_equipment/structures/index.html]
[global.kawasaki.com/en/leisure/index.html]
[global.kawasaki.com/en/leisure/motorcycle/index.html]
[global.kawasaki.com/common/img/gnav_pct_024.jpg]
[global.kawasaki.com/en/leisure/4wheeler/index.html]
[global.kawasaki.com/common/img/gnav_pct_025.jpg]
[global.kawasaki.com/en/leisure/watercraft/index.html]
[global.kawasaki.com/common/img/gnav_pct_026.jpg]
[global.kawasaki.com/en/corp/profile/index.html]
[global.kawasaki.com/en/corp/index.html]
[global.kawasaki.com/common/img/gnav_pct_013.jpg]
[global.kawasaki.com/en/corp/rd/index.html]
[global.kawasaki.com/common/img/gnav_pct_014.jpg]
[global.kawasaki.com/en/corp/sustainability/index.html]
[global.kawasaki.com/common/img/gnav_pct_015.jpg]
[global.kawasaki.com/en/corp/ir/index.html]
[global.kawasaki.com/common/img/gnav_pct_016.jpg]
[global.kawasaki.com/en/corp/careers/index.html]
[global.kawasaki.com/common/img/gnav_pct_017.jpg]
[global.kawasaki.com/common/img/gnav_pct_018.jpg]
[global.kawasaki.com/common/img/gnav_pct_028.jpg]
[global.kawasaki.com/en/corp/profile/network/index.html]
[global.kawasaki.com/common/img/gnav_pct_029.jpg]
[global.kawasaki.com/en/groupvision2030/index.html]
[global.kawasaki.com/common/img/gnav_pct_030.jpg]
[global.kawasaki.com/common/img/gnav_pct_023.jpg]
[global.kawasaki.com/common/img/gnav_pct_022.jpg]
[global.kawasaki.com/en/energy/gasengine_gasturbine/index.html]
[global.kawasaki.com/en/changingforward/index.html]
[global.kawasaki.com/en/stories/articles/vol47/index.html]
[global.kawasaki.com/en/groupvision2030/index-2.html]
[connect.facebook.net/en_US/sdk.js]
[global.kawasaki.com/common/img/pict_newsdefault.jpg]
[global.kawasaki.com/common/img/icon_news_product.png]
[global.kawasaki.com/en/corp/newsroom/news/images/news_thumb_220922-1.jpg]
[global.kawasaki.com/en/corp/newsroom/news/images/news_thumb_210714-1.jpg]
[global.kawasaki.com/en/corp/newsroom/news/detail/indexeda5.html]
[global.kawasaki.com/en/corp/newsroom/news/detail/index5b32.html]
[global.kawasaki.com/news_220908-1e_1.pdf]
[global.kawasaki.com/common/img/icon_news_other.png]
[global.kawasaki.com/common/img/icon_pdflink.png]
[global.kawasaki.com/en/corp/newsroom/news/images/news_thumb_220905-1.jpg]
[global.kawasaki.com/en/corp/newsroom/news/images/news_thumb_220826-5.jpg]
[global.kawasaki.com/en/corp/newsroom/news/detail/index8dda.html]
[global.kawasaki.com/en/corp/newsroom/news/detail/indexc1f3.html]
[global.kawasaki.com/en/corp/newsroom/news/detail/index67e9.html]
[global.kawasaki.com/en/corp/newsroom/news/images/news_thumb_220825-2.jpg]
[global.kawasaki.com/en/corp/newsroom/news/news_thumb_220822-1.jpg]
[global.kawasaki.com/en/corp/ir/shareholders_meeting/index.html]
[global.kawasaki.com/en/corp/newsroom/news/detail/indexbd7b.html]
[global.kawasaki.com/en/info/001.html]
[global.kawasaki.com/en/corp/sustainability/covid19/index.html]
[global.kawasaki.com/en/mobility/index-2.html]
[global.kawasaki.com/en/img/index_mobility_ph01.jpg]
[global.kawasaki.com/en/img/index_mobility_ph02.jpg]
[global.kawasaki.com/en/img/index_mobility_ph03.jpg]
[global.kawasaki.com/en/img/index_mobility_ph04.jpg]
[global.kawasaki.com/en/energy/index-2.html]
[global.kawasaki.com/en/img/index_energy_ph01.jpg]
[global.kawasaki.com/en/img/index_energy_ph02.jpg]
[global.kawasaki.com/en/img/index_energy_ph03.jpg]
[global.kawasaki.com/en/img/index_energy_ph04.jpg]
[global.kawasaki.com/en/industrial_equipment/index-2.html]
[global.kawasaki.com/en/img/index_industrial_ph01.jpg]
[global.kawasaki.com/en/img/index_industrial_ph02.jpg]
[global.kawasaki.com/en/img/index_leisure_ph01.jpg]
[global.kawasaki.com/en/img/index_leisure_ph02.jpg]
[global.kawasaki.com/en/img/pict_index_009.jpg]
[global.kawasaki.com/en/img/pict_index_010.jpg]
[global.kawasaki.com/en/img/index_ph11.jpg]
[global.kawasaki.com/en/corp/profile/network/index2687.html]
[global.kawasaki.com/en/corp/profile/network/indexcaee.html]
[global.kawasaki.com/en/corp/profile/network/index08ea.html]
[global.kawasaki.com/en/corp/profile/network/index13d4.html]
[global.kawasaki.com/en/img/index_ph12.jpg]
[global.kawasaki.com/common/img/icon_outerlink.png]
[global.kawasaki.com/en/img/index_ph13.jpg]
[global.kawasaki.com/en/img/index_ph19.jpg]
[global.kawasaki.com/en/scope/index.html]
[global.kawasaki.com/en/img/index_ph17.jpg]
[global.kawasaki.com/en/img/index_ph15b.jpg]
[global.kawasaki.com/en/img/index_ph14.jpg]
[apis.google.com/js/platform.js]
[global.kawasaki.com/en/corp/sustainability/green_products/index.html]
[global.kawasaki.com/common/img/ic_products_air.png]
[global.kawasaki.com/common/img/ic_products_rail.png]
[global.kawasaki.com/common/img/ic_products_marine.png]
[global.kawasaki.com/common/img/ic_products_cogeneration.png]
[global.kawasaki.com/common/img/ic_products_energy-plant.png]
[global.kawasaki.com/common/img/ic_products_gas-turbine.png]
[global.kawasaki.com/common/img/ic_products_gas-engine.png]
[global.kawasaki.com/common/img/ic_products_hydraulic-components.png]
[global.kawasaki.com/common/img/ic_products_robotics.png]
[global.kawasaki.com/common/img/ic_products_industrial-plant.png]
[global.kawasaki.com/common/img/ic_products_environment-recycling.png]
[global.kawasaki.com/common/img/ic_products_motorcycles.png]
[global.kawasaki.com/common/img/ic_products_ruv.png]
[global.kawasaki.com/common/img/ic_products_jet-ski.png]
[global.kawasaki.com/en/corp/index-2.html]
[global.kawasaki.com/en/sitemap/index.html]
[global.kawasaki.com/en/privacy_policy/index.html]
[global.kawasaki.com/en/site_policy/index.html]
[global.kawasaki.com/en/cookie_policy/index.html]
[global.kawasaki.com/index.html]
[global.kawasaki.com/stylesheet9c8a.css]
[global.kawasaki.com/en/socialguidelines/index.html]
[global.kawasaki.com/en/font/ClanWeb-Bookd41d.eot]
[platform.linkedin.com/in.js]
[global.kawasaki.com/en/font/ClanWeb-Newsd41d.eot]
[global.kawasaki.com/en/font/ClanWeb-Book.woff]
[global.kawasaki.com/en/font/ClanWeb-News.woff]
[global.kawasaki.com/en/font/ClanWeb-Mediumd41d.eot]
[global.kawasaki.com/en/font/ClanWeb-Medium.woff]
[global.kawasaki.com/common/img/ic_arrow_08.png]
[global.kawasaki.com/en/font/ClanWeb-Boldd41d.eot]
[global.kawasaki.com/common/img/icon_arrow_01.png]
[global.kawasaki.com/en/font/ClanWeb-Bold.woff]
[global.kawasaki.com/common/img/contacts.jpg]
[global.kawasaki.com/common/img/bg_triangle_01.png]
[global.kawasaki.com/common/img/bg_triangle_01_thin.png]
[global.kawasaki.com/common/img/icon_arrow_02.png]
[global.kawasaki.com/common/img/icon_arrow_04.png]
[global.kawasaki.com/common/img/icon_arrow_side-navi_01.png]
[global.kawasaki.com/common/img/icon_arrow_08.png]
[global.kawasaki.com/common/img/icon_arrow_07_3.png]
[global.kawasaki.com/common/img/icon_arrow_side-navi_02.png]
[global.kawasaki.com/common/img/icon_arrow_10.png]
[global.kawasaki.com/common/img/icon_arrow_11.png]
[global.kawasaki.com/common/img/icon_arrow_09.png]
[global.kawasaki.com/common/img/ic_arrow_side-navi_01.png]
[global.kawasaki.com/common/img/bg_header_area_ie8.png]
[global.kawasaki.com/common/img/bg_bk_percent_80_header.png]
[global.kawasaki.com/common/img/ic_search.png]
[global.kawasaki.com/common/img/bg_searchbox.png]
[global.kawasaki.com/common/img/bg_triangle_03.png]
[global.kawasaki.com/common/img/ic_close_02.png]
[global.kawasaki.com/common/img/ic_global.png]
[global.kawasaki.com/common/img/ic_toggle_01_open.png]
[global.kawasaki.com/common/img/ic_toggle_01_close.png]
[global.kawasaki.com/common/img/bg_triangle_02.png]
[global.kawasaki.com/common/img/bg_gnav_03.png]
[global.kawasaki.com/common/img/bg_gnav_01.png]
[global.kawasaki.com/common/img/bg_gnav_02.png]
[global.kawasaki.com/common/img/ic_arrow_01.png]
[global.kawasaki.com/common/img/bg_triangle_01_left.png]
[global.kawasaki.com/common/img/bg_triangle_01_right.png]
[global.kawasaki.com/common/img/ic_arrow_07.png]
[global.kawasaki.com/common/img/ic_close_01.png]
[global.kawasaki.com/common/img/bg_bread_crumb_triangle.png]
[global.kawasaki.com/common/img/chevron.png]
[global.kawasaki.com/common/img/ic_home.png]
[global.kawasaki.com/common/img/chevron_overlay.png]
[global.kawasaki.com/common/img/ic_arrow_side-navi_02.png]
[global.kawasaki.com/common/img/ic_arrow_related-link_01.png]
[global.kawasaki.com/common/img/icon_green_products.png]
[global.kawasaki.com/common/img/icon_arrow_green_products.png]
[global.kawasaki.com/common/img/ic_green_products.png]
[global.kawasaki.com/common/img/ic_arrow_green_products.png]
[global.kawasaki.com/common/img/bg_grouplink_01.png]
[global.kawasaki.com/common/img/bg_grouplink_02.png]
[global.kawasaki.com/en/corp/profile/network/img/pict_network_checkbox_off.png]
[global.kawasaki.com/en/corp/profile/network/img/pict_network_checkbox_on.png]
[global.kawasaki.com/en/corp/profile/contact/img/pict_contacts_dropdown.png]
[global.kawasaki.com/common/img/globalnetwork.jpg]
[global.kawasaki.com/common/img/search_icon_construction_clickable.png]
[global.kawasaki.com/common/img/search_icon_industrial_clickable.png]
[global.kawasaki.com/common/img/search_icon_marine_clickable.png]
[global.kawasaki.com/common/img/ic_global_sp.png]
[global.kawasaki.com/common/img/bg_search_sp.png]
[global.kawasaki.com/common/img/bt_close.png]
[global.kawasaki.com/common/img/ic_search_sp.png]
[global.kawasaki.com/common/img/ic_menu_sp.png]
[global.kawasaki.com/common/img/ic_arrow_06.png]
[global.kawasaki.com/common/img/ic_toggle_02_close.png]
[global.kawasaki.com/common/img/ic_toggle_02_open.png]
[global.kawasaki.com/common/img/ic_arrow_04.png]
[global.kawasaki.com/common/img/icon_toggle_02_close.png]
[global.kawasaki.com/common/img/icon_toggle_02_open.png]
[global.kawasaki.com/common/img/icon_arrow_05.png]
[global.kawasaki.com/stylesheeta9bc.css]
[global.kawasaki.com/common/img/modal_viewer_zoom.png]
[global.kawasaki.com/stylesheetef73.css]
[global.kawasaki.com/common/css/slick_en_top.css]
[global.kawasaki.com/common/img/index_main01.jpg]
[global.kawasaki.com/common/img/index_main02.jpg]
[global.kawasaki.com/common/img/index_main03.jpg]
[global.kawasaki.com/common/img/index_main04.jpg]
[global.kawasaki.com/common/img/index_main05.jpg]
[global.kawasaki.com/common/img/index_main06.jpg]
[global.kawasaki.com/common/img/index_main07.jpg]
[global.kawasaki.com/common/img/index_main08.jpg]
[global.kawasaki.com/common/img/index_main09.jpg]
[global.kawasaki.com/common/img/index_main10.jpg]
[global.kawasaki.com/common/img/index_main11.jpg]
[global.kawasaki.com/common/img/index_main12.jpg]
[global.kawasaki.com/common/img/index_main13.jpg]
[global.kawasaki.com/common/img/index_main14.jpg]
[global.kawasaki.com/common/img/index_main15.jpg]
[global.kawasaki.com/common/img/index_main16.jpg]
[global.kawasaki.com/common/img/index_main17.jpg]
[global.kawasaki.com/common/img/index_main18.jpg]
[global.kawasaki.com/common/img/index_main19.jpg]
[global.kawasaki.com/common/img/index_main20.jpg]
[global.kawasaki.com/common/img/index_main01-sp.jpg]
[global.kawasaki.com/common/img/index_main02-sp.jpg]
[global.kawasaki.com/common/img/index_main03-sp.jpg]
[global.kawasaki.com/common/img/index_main04-sp.jpg]
[global.kawasaki.com/common/img/index_main05-sp.jpg]
[global.kawasaki.com/common/img/index_main06-sp.jpg]
[global.kawasaki.com/common/img/index_main07-sp.jpg]
[global.kawasaki.com/common/img/index_main08-sp.jpg]
[global.kawasaki.com/common/img/index_main09-sp.jpg]
[global.kawasaki.com/common/img/index_main10-sp.jpg]
[global.kawasaki.com/common/img/index_main11-sp.jpg]
[global.kawasaki.com/common/img/index_main12-sp.jpg]
[global.kawasaki.com/common/img/index_main13-sp.jpg]
[global.kawasaki.com/common/img/index_main14-sp.jpg]
[global.kawasaki.com/common/img/index_main15-sp.jpg]
[global.kawasaki.com/common/img/index_main16-sp.jpg]
[global.kawasaki.com/common/img/index_main17-sp.jpg]
[global.kawasaki.com/common/img/index_main18-sp.jpg]
[global.kawasaki.com/common/img/index_main19-sp.jpg]
[global.kawasaki.com/common/img/index_main20-sp.jpg]
[global.kawasaki.com/common/img/ic_arrow_carousel_prev.png]
[global.kawasaki.com/common/img/ic_arrow_carousel_next.png]
[global.kawasaki.com/common/css/mainvisual.css]
[global.kawasaki.com/Version]
[global.kawasaki.com/common/js/ua.js]
[global.kawasaki.com/common/js/jquery-1.11.0.min.js]
[global.kawasaki.com/common/js/jquery.easing.1.3.js]
[global.kawasaki.com/common/js/clearField.js]
[global.kawasaki.com/common/js/common.js]
[global.kawasaki.com/common/js/slick.js]
[global.kawasaki.com/common/js/mainvisual.js]
[global.kawasaki.com/modal_viewer_prev.png]
[global.kawasaki.com/common/img/index.html]
[global.kawasaki.com/modal_viewer_next.png]
[global.kawasaki.com/common/js/modal_viewer.js]
[global.kawasaki.com/common/js/jquery.tile.js]
[global.kawasaki.com/common/js/jquery.heightLine.js]
[global.kawasaki.com/common/js/ga_tr_code.js]
[global.kawasaki.com/en/img/index_hero01.jpg]
[global.kawasaki.com/common/img/keyvisual_corporate_001.jpg]
[global.kawasaki.com/common/img/keyvisual_profile_001.jpg]
[global.kawasaki.com/common/img/keyvisual_contacts_001.jpg]
[global.kawasaki.com/common/img/keyvisual_energy_001.jpg]
[global.kawasaki.com/common/img/keyvisual_mobility_001.jpg]
[global.kawasaki.com/common/img/keyvisual_industrial_equipment_001.jpg]
[global.kawasaki.com/common/img/keyvisual_rd_001.jpg]
[global.kawasaki.com/common/img/keyvisual_events_001.jpg]
[global.kawasaki.com/common/img/keyvisual_news_001.jpg]
[global.kawasaki.com/common/img/keyvisual_sustainability_001.jpg]
[global.kawasaki.com/common/img/keyvisual_careers_001.jpg]
[global.kawasaki.com/common/img/keyvisual_ir_001.jpg]
[global.kawasaki.com/common/img/keyvisual_leisure_001.jpg]
[global.kawasaki.com/common/img/keyvisual_groupvision_001.jpg]
[global.kawasaki.com/common/img/ic_arrow_09.png]
[global.kawasaki.com/en/mobility/img/index_bg01.jpg]
[global.kawasaki.com/en/mobility/img/index_bg02.jpg]
[global.kawasaki.com/en/mobility/img/index_bg03.jpg]
[global.kawasaki.com/common/css/top.css]
[global.kawasaki.com/common/js/visual_switching_v2.js]
[global.kawasaki.com/index3201.html]
[global.kawasaki.com/indexd2f3.html]
[global.kawasaki.com/indexb69a.html]
[global.kawasaki.com/index45a6.html]
[global.kawasaki.com/indexa2b6.html]
[global.kawasaki.com/index43a1.html]
[global.kawasaki.com/en/img/index.html]
[global.kawasaki.com/stylesheetf41b.css]
[global.kawasaki.com/common/js/jquery-1.3.2.min.js]
[global.kawasaki.com/common/js/jquery.jBreadCrumb.1.1.js]
[global.kawasaki.com/common/js/slick.min.js]
[global.kawasaki.com/en/corp/newsroom/index3201.html]
[global.kawasaki.com/en/corp/newsroom/indexd2f3.html]
[global.kawasaki.com/en/corp/newsroom/indexb69a.html]
[global.kawasaki.com/en/corp/newsroom/index45a6.html]
[global.kawasaki.com/en/corp/newsroom/indexa2b6.html]
[global.kawasaki.com/en/corp/newsroom/index43a1.html]
[global.kawasaki.com/en/corp/newsroom/category/pressrelease/index.html]
[global.kawasaki.com/en/corp/newsroom/news/index.html]
[global.kawasaki.com/en/corp/newsroom/events/index.html]
[global.kawasaki.com/en/corp/newsroom/events/index6aa7.html]
[global.kawasaki.com/en/corp/newsroom/img/events_20210401_HMD3.png]
[global.kawasaki.com/common/img/logo.png]
[global.kawasaki.com/common/img/ic_products_mobility.png]
[global.kawasaki.com/en/corp/ir/index-2.html]
[global.kawasaki.com/common/img/ic_products_energy.png]
[global.kawasaki.com/common/img/ic_products_industrial-equipments.png]
[global.kawasaki.com/common/img/ic_products_leisure.png]
[global.kawasaki.com/en/corp/newsroom/index.html]
[global.kawasaki.com/en/corp/profile/contact/index3201.html]
[global.kawasaki.com/en/corp/profile/contact/indexd2f3.html]
[global.kawasaki.com/en/corp/profile/contact/indexb69a.html]
[global.kawasaki.com/en/corp/profile/contact/index45a6.html]
[global.kawasaki.com/en/corp/profile/contact/indexa2b6.html]
[global.kawasaki.com/en/corp/profile/contact/index43a1.html]
[global.kawasaki.com/en/corp/profile/contact/rs.html]
[global.kawasaki.com/en/corp/profile/index-2.html]
[global.kawasaki.com/en/corp/profile/network/indexd3b2.html]
[global.kawasaki.com/en/corp/profile/contact/ship.html]
[global.kawasaki.com/en/corp/profile/network/indexbfec.html]
[global.kawasaki.com/en/corp/profile/network/index70cc.html]
[global.kawasaki.com/en/corp/profile/network/index132a.html]
[global.kawasaki.com/en/corp/profile/contact/plant_infrastructur.html]
[global.kawasaki.com/en/corp/profile/network/indexc4c3.html]
[global.kawasaki.com/en/corp/profile/network/indexba59.html]
[global.kawasaki.com/en/corp/profile/network/index7c24.html]
[global.kawasaki.com/en/corp/profile/network/ctd.html]
[global.kawasaki.com/en/corp/profile/contact/robotics.html]
[global.kawasaki.com/en/corp/profile/network/index5ce9.html]
[global.kawasaki.com/en/corp/profile/network/index9a99.html]
[global.kawasaki.com/en/corp/profile/contact/index.html]
[global.kawasaki.com/en/index.html]
[global.kawasaki.com/tw/index.html]
[global.kawasaki.com/br/index.html]
[global.kawasaki.com/ru/index.html]
[global.kawasaki.com/en/index-2.html]
[global.kawasaki.com/en/mobility/index.html]
[global.kawasaki.com/en/mobility/air/index.html]
[global.kawasaki.com/en/mobility/rail/index.html]
[global.kawasaki.com/en/mobility/marine/index.html]
[global.kawasaki.com/en/energy/index.html]
[global.kawasaki.com/en/energy/guide/index.html]
[global.kawasaki.com/en/energy/solutions/distributed_power/index.html]
[global.kawasaki.com/en/energy/solutions/battery_energy/index.html]
[global.kawasaki.com/en/energy/solutions/management/index.html]
[global.kawasaki.com/en/energy/solutions/energy_plants/index.html]
[global.kawasaki.com/en/energy/solutions/renewable/index.html]
[global.kawasaki.com/en/hydrogen/index.html]
[global.kawasaki.com/en/energy/equipment/gas_turbines/index.html]
[global.kawasaki.com/en/energy/equipment/boilers/index.html]
[global.kawasaki.com/en/corp/profile/network/index891d.html]
[global.kawasaki.com/en/energy/equipment/steam_turbines/index.html]
[global.kawasaki.com/en/energy/equipment/mizutorbo/index.html]
[global.kawasaki.com/en/energy/equipment/gas_engines/index.html]
[global.kawasaki.com/en/energy/equipment/oil_gas/index.html]
[global.kawasaki.com/en/energy/equipment/blast.html]
[global.kawasaki.com/en/energy/gasoline_engine/index.html]
[global.kawasaki.com/en/industrial_equipment/index.html]
[global.kawasaki.com/en/industrial_equipment/hydraulic/index.html]
[global.kawasaki.com/en/industrial_equipment/industrial_plants/index.html]
[global.kawasaki.com/en/industrial_equipment/defences_securities/index.html]
[global.kawasaki.com/en/industrial_equipment/environment_recycling/index.html]
[global.kawasaki.com/en/industrial_equipment/factory/index.html]
[global.kawasaki.com/en/industrial_equipment/construction/index.html]
[global.kawasaki.com/en/industrial_equipment/logistics/index.html]
[global.kawasaki.com/en/industrial_equipment/structures/index.html]
[global.kawasaki.com/en/leisure/index.html]
[global.kawasaki.com/en/leisure/motorcycle/index.html]
[global.kawasaki.com/en/leisure/4wheeler/index.html]
[global.kawasaki.com/en/leisure/watercraft/index.html]
[global.kawasaki.com/en/corp/index.html]
[global.kawasaki.com/en/corp/profile/index.html]
[global.kawasaki.com/en/corp/rd/index.html]
[global.kawasaki.com/en/corp/sustainability/index.html]
[global.kawasaki.com/en/corp/ir/index.html]
[global.kawasaki.com/en/corp/careers/index.html]
[global.kawasaki.com/en/corp/profile/network/index.html]
[global.kawasaki.com/en/groupvision2030/index.html]
[global.kawasaki.com/en/changingforward/index.html]
[global.kawasaki.com/en/stories/articles/vol47/index.html]
[global.kawasaki.com/en/groupvision2030/index-2.html]
[global.kawasaki.com/en/energy/gasengine_gasturbine/index.html]
[connect.facebook.net/en_US/sdk.js]
[global.kawasaki.com/en/corp/newsroom/news/detail/indexeda5.html]
[global.kawasaki.com/en/corp/newsroom/news/detail/index5b32.html]
[global.kawasaki.com/en/corp/newsroom/news/detail/index8dda.html]
[global.kawasaki.com/en/corp/newsroom/news/detail/indexc1f3.html]
[global.kawasaki.com/en/corp/newsroom/news/detail/index67e9.html]
[global.kawasaki.com/en/corp/newsroom/news/detail/indexbd7b.html]
[global.kawasaki.com/en/corp/ir/shareholders_meeting/index.html]
[global.kawasaki.com/en/info/001.html]
[global.kawasaki.com/en/corp/sustainability/covid19/index.html]
[global.kawasaki.com/en/mobility/index-2.html]
[global.kawasaki.com/en/energy/index-2.html]
[global.kawasaki.com/en/industrial_equipment/index-2.html]
[global.kawasaki.com/en/corp/profile/network/index2687.html]
[global.kawasaki.com/en/corp/profile/network/indexcaee.html]
[global.kawasaki.com/en/corp/profile/network/index08ea.html]
[global.kawasaki.com/en/corp/profile/network/index13d4.html]
[global.kawasaki.com/en/scope/index.html]
[global.kawasaki.com/en/corp/sustainability/green_products/index.html]
[global.kawasaki.com/en/corp/index-2.html]
[global.kawasaki.com/en/sitemap/index.html]
[global.kawasaki.com/en/privacy_policy/index.html]
[global.kawasaki.com/en/site_policy/index.html]
[global.kawasaki.com/en/cookie_policy/index.html]
[global.kawasaki.com/en/socialguidelines/index.html]
[global.kawasaki.com/common/img/index_main13.html]
[global.kawasaki.com/common/img/index_main14.html]
[global.kawasaki.com/common/img/index_main15.html]
[global.kawasaki.com/common/img/index_main16.html]
[global.kawasaki.com/common/img/index_main17.html]
[global.kawasaki.com/common/img/index_main18.html]
[global.kawasaki.com/common/img/index_main19.html]
[global.kawasaki.com/common/img/index_main20.html]
[global.kawasaki.com/common/img/index_main13-sp.html]
[global.kawasaki.com/common/img/index_main14-sp.html]
[global.kawasaki.com/common/img/index_main15-sp.html]
[global.kawasaki.com/common/img/index_main16-sp.html]
[global.kawasaki.com/common/img/index_main17-sp.html]
[global.kawasaki.com/common/img/index_main18-sp.html]
[global.kawasaki.com/common/img/index_main19-sp.html]
[global.kawasaki.com/common/img/index_main20-sp.html]
[global.kawasaki.com/Version.html]
[global.kawasaki.com/common/img/index.html]
[global.kawasaki.com/modal_viewer_prev.html]
[global.kawasaki.com/modal_viewer_next.html]
[www.googletagmanager.com/gtm5445.html]
[global.kawasaki.com/common/img/keyvisual_groupvision_001.html]
[global.kawasaki.com/en/img/index.html]
[global.kawasaki.com/stylesheetf41b.css]
[global.kawasaki.com/common/js/jquery-1.3.2.min.js]
[global.kawasaki.com/common/js/jquery.jBreadCrumb.1.1.js]
[global.kawasaki.com/common/js/slick.min.js]
[global.kawasaki.com/en/corp/newsroom/index3201.html]
[global.kawasaki.com/en/corp/newsroom/indexd2f3.html]
[global.kawasaki.com/en/corp/newsroom/indexb69a.html]
[global.kawasaki.com/en/corp/newsroom/index45a6.html]
[global.kawasaki.com/en/corp/newsroom/indexa2b6.html]
[global.kawasaki.com/en/corp/newsroom/index43a1.html]
[global.kawasaki.com/en/corp/newsroom/category/pressrelease/index.html]
[global.kawasaki.com/en/corp/newsroom/news/index.html]
[global.kawasaki.com/en/corp/newsroom/events/index.html]
[global.kawasaki.com/en/corp/newsroom/events/index6aa7.html]
[global.kawasaki.com/en/corp/ir/index-2.html]
[global.kawasaki.com/en/corp/profile/contact/index3201.html]
[global.kawasaki.com/en/corp/profile/contact/indexd2f3.html]
[global.kawasaki.com/en/corp/profile/contact/indexb69a.html]
[global.kawasaki.com/en/corp/profile/contact/index45a6.html]
[global.kawasaki.com/en/corp/profile/contact/indexa2b6.html]
[global.kawasaki.com/en/corp/profile/contact/index43a1.html]
[global.kawasaki.com/en/corp/profile/index-2.html]
[global.kawasaki.com/en/corp/profile/contact/rs.html]
[global.kawasaki.com/en/corp/profile/network/indexd3b2.html]
[global.kawasaki.com/en/corp/profile/contact/ship.html]
[global.kawasaki.com/en/corp/profile/network/indexbfec.html]
[global.kawasaki.com/en/corp/profile/network/index70cc.html]
[global.kawasaki.com/en/corp/profile/network/index132a.html]
[global.kawasaki.com/en/corp/profile/contact/plant_infrastructur.html]
[global.kawasaki.com/en/corp/profile/network/indexc4c3.html]
[global.kawasaki.com/en/corp/profile/network/indexba59.html]
[global.kawasaki.com/en/corp/profile/network/index7c24.html]
[global.kawasaki.com/en/corp/profile/network/ctd.html]
[global.kawasaki.com/en/corp/profile/contact/robotics.html]
[global.kawasaki.com/en/corp/profile/network/index5ce9.html]
[global.kawasaki.com/en/corp/profile/network/index9a99.html]
[global.kawasaki.com/en/corp/profile/network/index891d.html]
